Message secret de test 12345
E5C9D7030BADA2FE792AD7E4A26CA44379A73F3FE16805AC1359E46759A1571A
key:00112233445566778899AABBCCDDEEFF00112233445566778899AABBCCDDEEFF
iv:000102030405060708090A0B0C0D0E0F
474369CEB0BBA2A19C312B18B26C399D
AQIDBA==


<?xml version="1.0" encoding="utf-8"?>
<TestResults>
  <!-- Generated using FPCUnit on 2026-09-11 21:58:34-->
  <TestListing>
    <TestSuite Name="" ElapsedTime="00:00:15.299" NumberOfErrors="0" NumberOfFailures="0" NumberOfRunTests="9" NumberOfIgnoredTests="0">
      <TestSuite Name="TOpenSSLUtilsTests" ElapsedTime="00:00:15.299" NumberOfErrors="0" NumberOfFailures="0" NumberOfRunTests="9" NumberOfIgnoredTests="0">
        <Test Name="Test_01_LoadAndFreeSSL" Result="OK" ElapsedTime="00:00:00.002"/>
        <Test Name="Test_02_GenerateRSAKey" Result="OK" ElapsedTime="00:00:00.140"/>
        <Test Name="Test_03_MakeCertAndReq" Result="OK" ElapsedTime="00:00:03.654"/>
        <Test Name="Test_04_SignReq" Result="OK" ElapsedTime="00:00:03.690"/>
        <Test Name="Test_05_ConversionsX509" Result="OK" ElapsedTime="00:00:03.025"/>
        <Test Name="Test_06_ConversionsPKCS12" Result="OK" ElapsedTime="00:00:04.552"/>
        <Test Name="Test_07_RSAEncryptDecrypt" Result="OK" ElapsedTime="00:00:00.232"/>
        <Test Name="Test_08_CryptoAndHashes" Result="OK" ElapsedTime="00:00:00.003"/>
        <Test Name="Test_09_Base64" Result="OK" ElapsedTime="00:00:00.001"/>
      </TestSuite>
    </TestSuite>
  </TestListing>
  <Title></Title>
  <NumberOfRunTests>9</NumberOfRunTests>
  <NumberOfErrors>0</NumberOfErrors>
  <NumberOfFailures>0</NumberOfFailures>
  <NumberOfIgnoredTests>0</NumberOfIgnoredTests>
  <TotalElapsedTime>00:00:15.299</TotalElapsedTime>
  <DateTimeRan>2026-09-11 21:58:49</DateTimeRan>
</TestResults>
